#
# There is insufficient memory for the Java Runtime Environment to continue.
# Native memory allocation (mmap) failed to map 1048576 bytes for G1 virtual space
# Possible reasons:
#   The system is out of physical RAM or swap space
#   The process is running with CompressedOops enabled, and the Java Heap may be blocking the growth of the native heap
# Possible solutions:
#   Reduce memory load on the system
#   Increase physical memory or swap space
#   Check if swap backing store is full
#   Decrease Java heap size (-Xmx/-Xms)
#   Decrease number of Java threads
#   Decrease Java thread stack sizes (-Xss)
#   Set larger code cache with -XX:ReservedCodeCacheSize=
#   JVM is running with Unscaled Compressed Oops mode in which the Java heap is
#     placed in the first 4GB address space. The Java Heap base address is the
#     maximum limit for the native heap growth. Please use -XX:HeapBaseMinAddress
#     to set the Java Heap base and to place the Java Heap above 4GB virtual address.
# This output file may be truncated or incomplete.
#
#  Out of Memory Error (os_windows.cpp:3600), pid=25220, tid=24800
#
# JRE version: Java(TM) SE Runtime Environment (21.0.3+7) (build 21.0.3+7-LTS-152)
# Java VM: Java HotSpot(TM) 64-Bit Server VM (21.0.3+7-LTS-152, mixed mode, emulated-client, sharing, tiered, compressed oops, compressed class ptrs, g1 gc, windows-amd64)
# No core dump will be written. Minidumps are not enabled by default on client versions of Windows
#

---------------  S U M M A R Y ------------

Command Line: -XX:TieredStopAtLevel=1 com.cm.restaurant_server.RestaurantServerApplication

Host: Intel(R) Core(TM) i7-10510U CPU @ 1.80GHz, 8 cores, 7G,  Windows 11 , 64 bit Build 26100 (10.0.26100.8328)
Time: Sat Jun  6 11:37:26 2026 Hora estándar de Argentina elapsed time: 192.461028 seconds (0d 0h 3m 12s)

---------------  T H R E A D  ---------------

Current thread (0x0000022ff79b9d90):  WorkerThread "GC Thread#2"    [id=24800, stack(0x000000e08ca00000,0x000000e08cb00000) (1024K)]

Stack: [0x000000e08ca00000,0x000000e08cb00000]
Native frames: (J=compiled Java code, j=interpreted, Vv=VM code, C=native code)
V  [jvm.dll+0x6c63b9]
V  [jvm.dll+0x84fa11]
V  [jvm.dll+0x851f3e]
V  [jvm.dll+0x852613]
V  [jvm.dll+0x27cd46]
V  [jvm.dll+0x6c2b55]
V  [jvm.dll+0x6b76da]
V  [jvm.dll+0x35051a]
V  [jvm.dll+0x358176]
V  [jvm.dll+0x3aa54b]
V  [jvm.dll+0x3aabe4]
V  [jvm.dll+0x3aacad]
V  [jvm.dll+0x325f3c]
V  [jvm.dll+0x325c95]
V  [jvm.dll+0x3167c6]
V  [jvm.dll+0x3175fa]
V  [jvm.dll+0x317a78]
V  [jvm.dll+0x317461]
V  [jvm.dll+0x352386]
V  [jvm.dll+0x3526f3]
V  [jvm.dll+0x353853]
V  [jvm.dll+0x34ff2e]
V  [jvm.dll+0x35cbcb]
V  [jvm.dll+0x35e869]
V  [jvm.dll+0x35d09a]
V  [jvm.dll+0x35e4e1]
V  [jvm.dll+0x369703]
V  [jvm.dll+0x36984b]
V  [jvm.dll+0x87d0e7]
V  [jvm.dll+0x7f9ffb]
V  [jvm.dll+0x6c4a9d]
C  [ucrtbase.dll+0x37b0]
C  [KERNEL32.DLL+0x2e957]
C  [ntdll.dll+0x427c]


---------------  P R O C E S S  ---------------

Threads class SMR info:
_java_thread_list=0x0000022ff9ccc990, length=15, elements={
0x0000022fe0655910, 0x0000022ff2d9ed50, 0x0000022ff2d9f7b0, 0x0000022ff2da3900,
0x0000022ff2da4360, 0x0000022ff2da4dc0, 0x0000022ff2da5820, 0x0000022ff2da8290,
0x0000022ff7120eb0, 0x0000022ff7125b00, 0x0000022ff8a74850, 0x0000022ff89ffbe0,
0x0000022ff8a00250, 0x0000022ff853bbb0, 0x0000022ff9b58410
}

Java Threads: ( => current thread )
  0x0000022fe0655910 JavaThread "main"                              [_thread_blocked, id=12328, stack(0x000000e08b600000,0x000000e08b700000) (1024K)]
  0x0000022ff2d9ed50 JavaThread "Reference Handler"          daemon [_thread_blocked, id=6508, stack(0x000000e08be00000,0x000000e08bf00000) (1024K)]
  0x0000022ff2d9f7b0 JavaThread "Finalizer"                  daemon [_thread_blocked, id=23584, stack(0x000000e08bf00000,0x000000e08c000000) (1024K)]
  0x0000022ff2da3900 JavaThread "Signal Dispatcher"          daemon [_thread_blocked, id=23784, stack(0x000000e08c000000,0x000000e08c100000) (1024K)]
  0x0000022ff2da4360 JavaThread "Attach Listener"            daemon [_thread_blocked, id=15748, stack(0x000000e08c100000,0x000000e08c200000) (1024K)]
  0x0000022ff2da4dc0 JavaThread "Service Thread"             daemon [_thread_blocked, id=1720, stack(0x000000e08c200000,0x000000e08c300000) (1024K)]
  0x0000022ff2da5820 JavaThread "Monitor Deflation Thread"   daemon [_thread_blocked, id=23916, stack(0x000000e08c300000,0x000000e08c400000) (1024K)]
  0x0000022ff2da8290 JavaThread "C1 CompilerThread0"         daemon [_thread_blocked, id=8320, stack(0x000000e08c400000,0x000000e08c500000) (1024K)]
  0x0000022ff7120eb0 JavaThread "Notification Thread"        daemon [_thread_blocked, id=6716, stack(0x000000e08c700000,0x000000e08c800000) (1024K)]
  0x0000022ff7125b00 JavaThread "Common-Cleaner"             daemon [_thread_blocked, id=24268, stack(0x000000e08c800000,0x000000e08c900000) (1024K)]
  0x0000022ff8a74850 JavaThread "Catalina-utility-1"                [_thread_blocked, id=24344, stack(0x000000e08d200000,0x000000e08d300000) (1024K)]
  0x0000022ff89ffbe0 JavaThread "Catalina-utility-2"                [_thread_blocked, id=24548, stack(0x000000e08d300000,0x000000e08d400000) (1024K)]
  0x0000022ff8a00250 JavaThread "container-0"                       [_thread_blocked, id=22288, stack(0x000000e08d400000,0x000000e08d500000) (1024K)]
  0x0000022ff853bbb0 JavaThread "PostgreSQL-JDBC-Cleaner"    daemon [_thread_blocked, id=27136, stack(0x000000e08b500000,0x000000e08b600000) (1024K)]
  0x0000022ff9b58410 JavaThread "HikariPool-1 housekeeper"   daemon [_thread_blocked, id=27152, stack(0x000000e08c600000,0x000000e08c700000) (1024K)]
Total: 15

Other Threads:
  0x0000022ff2d7a150 VMThread "VM Thread"                           [id=16288, stack(0x000000e08bd00000,0x000000e08be00000) (1024K)]
  0x0000022ff2d5d3a0 WatcherThread "VM Periodic Task Thread"        [id=25176, stack(0x000000e08bc00000,0x000000e08bd00000) (1024K)]
  0x0000022fe06abd10 WorkerThread "GC Thread#0"                     [id=25200, stack(0x000000e08b700000,0x000000e08b800000) (1024K)]
  0x0000022ff79b99f0 WorkerThread "GC Thread#1"                     [id=23600, stack(0x000000e08c900000,0x000000e08ca00000) (1024K)]
=>0x0000022ff79b9d90 WorkerThread "GC Thread#2"                     [id=24800, stack(0x000000e08ca00000,0x000000e08cb00000) (1024K)]
  0x0000022ff79d5460 WorkerThread "GC Thread#3"                     [id=19032, stack(0x000000e08cb00000,0x000000e08cc00000) (1024K)]
  0x0000022ff79d5800 WorkerThread "GC Thread#4"                     [id=1100, stack(0x000000e08cc00000,0x000000e08cd00000) (1024K)]
  0x0000022ff79d5ba0 WorkerThread "GC Thread#5"                     [id=16724, stack(0x000000e08cd00000,0x000000e08ce00000) (1024K)]
  0x0000022ff7de7e50 WorkerThread "GC Thread#6"                     [id=24632, stack(0x000000e08cf00000,0x000000e08d000000) (1024K)]
  0x0000022ff7de64f0 WorkerThread "GC Thread#7"                     [id=24400, stack(0x000000e08d000000,0x000000e08d100000) (1024K)]
  0x0000022fe06bc6f0 ConcurrentGCThread "G1 Main Marker"            [id=15636, stack(0x000000e08b800000,0x000000e08b900000) (1024K)]
  0x0000022fe06bd1f0 WorkerThread "G1 Conc#0"                       [id=7468, stack(0x000000e08b900000,0x000000e08ba00000) (1024K)]
  0x0000022ff7de6c30 WorkerThread "G1 Conc#1"                       [id=23632, stack(0x000000e08ce00000,0x000000e08cf00000) (1024K)]
  0x0000022ff2c2f150 ConcurrentGCThread "G1 Refine#0"               [id=18976, stack(0x000000e08ba00000,0x000000e08bb00000) (1024K)]
  0x0000022ff2c2fcc0 ConcurrentGCThread "G1 Service"                [id=23872, stack(0x000000e08bb00000,0x000000e08bc00000) (1024K)]
Total: 15

Threads with active compile tasks:
C1 CompilerThread0   192582 8734       1       org.springframework.beans.factory.annotation.AutowiredAnnotationBeanPostProcessor::buildAutowiringMetadata (114 bytes)
Total: 1

VM state: at safepoint (normal execution)

VM Mutex/Monitor currently owned by a thread:  ([mutex/lock_event])
[0x00007ffd71bf0828] FreeList_lock - owner thread: 0x0000022ff79b9d90
[0x00007ffd71bf2da8] Threads_lock - owner thread: 0x0000022ff2d7a150
[0x00007ffd71bf2ea8] Heap_lock - owner thread: 0x0000022fe0655910

Heap address: 0x0000000083000000, size: 2000 MB, Compressed Oops mode: 32-bit

CDS archive(s) mapped at: [0x0000022f80000000-0x0000022f80c90000-0x0000022f80c90000), size 13172736, SharedBaseAddress: 0x0000022f80000000, ArchiveRelocationMode: 1.
Compressed class space mapped at: 0x0000022f81000000-0x0000022fc1000000, reserved size: 1073741824
Narrow klass base: 0x0000022f80000000, Narrow klass shift: 0, Narrow klass range: 0x100000000

GC Precious Log:
 CardTable entry size: 512
 Card Set container configuration: InlinePtr #cards 5 size 8 Array Of Cards #cards 12 size 40 Howl #buckets 4 coarsen threshold 1843 Howl Bitmap #cards 512 size 80 coarsen threshold 460 Card regions per heap region 1 cards per card region 2048
 CPUs: 8 total, 8 available
 Memory: 7995M
 Large Page Support: Disabled
 NUMA Support: Disabled
 Compressed Oops: Enabled (32-bit)
 Heap Region Size: 1M
 Heap Min Capacity: 8M
 Heap Initial Capacity: 126M
 Heap Max Capacity: 2000M
 Pre-touch: Disabled
 Parallel Workers: 8
 Concurrent Workers: 2
 Concurrent Refinement Workers: 8
 Periodic GC: Disabled

Heap:
 garbage-first heap   total 69632K, used 61334K [0x0000000083000000, 0x0000000100000000)
  region size 1024K, 22 young (22528K), 2 survivors (2048K)
 Metaspace       used 64189K, committed 64768K, reserved 1114112K
  class space    used 9145K, committed 9408K, reserved 1048576K

Heap Regions: E=young(eden), S=young(survivor), O=old, HS=humongous(starts), HC=humongous(continues), CS=collection set, F=free, TAMS=top-at-mark-start, PB=parsable bottom
|   0|0x0000000083000000, 0x0000000083100000, 0x0000000083100000|100%|HS|  |TAMS 0x0000000083000000| PB 0x0000000083000000| Complete 
|   1|0x0000000083100000, 0x0000000083200000, 0x0000000083200000|100%| O|  |TAMS 0x0000000083100000| PB 0x0000000083100000| Untracked 
|   2|0x0000000083200000, 0x0000000083300000, 0x0000000083300000|100%| O|  |TAMS 0x0000000083200000| PB 0x0000000083200000| Untracked 
|   3|0x0000000083300000, 0x0000000083400000, 0x0000000083400000|100%| O|  |TAMS 0x0000000083300000| PB 0x0000000083300000| Untracked 
|   4|0x0000000083400000, 0x0000000083500000, 0x0000000083500000|100%| O|  |TAMS 0x0000000083400000| PB 0x0000000083400000| Untracked 
|   5|0x0000000083500000, 0x0000000083600000, 0x0000000083600000|100%| O|  |TAMS 0x0000000083500000| PB 0x0000000083500000| Untracked 
|   6|0x0000000083600000, 0x0000000083700000, 0x0000000083700000|100%| O|  |TAMS 0x0000000083600000| PB 0x0000000083600000| Untracked 
|   7|0x0000000083700000, 0x0000000083800000, 0x0000000083800000|100%| O|CS|TAMS 0x0000000083700000| PB 0x0000000083700000| Complete 
|   8|0x0000000083800000, 0x0000000083900000, 0x0000000083900000|100%| O|  |TAMS 0x0000000083800000| PB 0x0000000083800000| Untracked 
|   9|0x0000000083900000, 0x0000000083a00000, 0x0000000083a00000|100%| O|  |TAMS 0x0000000083900000| PB 0x0000000083900000| Untracked 
|  10|0x0000000083a00000, 0x0000000083b00000, 0x0000000083b00000|100%| O|  |TAMS 0x0000000083a00000| PB 0x0000000083a00000| Untracked 
|  11|0x0000000083b00000, 0x0000000083c00000, 0x0000000083c00000|100%| O|  |TAMS 0x0000000083b00000| PB 0x0000000083b00000| Untracked 
|  12|0x0000000083c00000, 0x0000000083d00000, 0x0000000083d00000|100%| O|  |TAMS 0x0000000083c00000| PB 0x0000000083c00000| Untracked 
|  13|0x0000000083d00000, 0x0000000083e00000, 0x0000000083e00000|100%| O|  |TAMS 0x0000000083d00000| PB 0x0000000083d00000| Untracked 
|  14|0x0000000083e00000, 0x0000000083f00000, 0x0000000083f00000|100%| O|CS|TAMS 0x0000000083e00000| PB 0x0000000083e00000| Complete 
|  15|0x0000000083f00000, 0x0000000084000000, 0x0000000084000000|100%| O|CS|TAMS 0x0000000083f00000| PB 0x0000000083f00000| Complete 
|  16|0x0000000084000000, 0x0000000084100000, 0x0000000084100000|100%| O|  |TAMS 0x0000000084000000| PB 0x0000000084000000| Untracked 
|  17|0x0000000084100000, 0x0000000084200000, 0x0000000084200000|100%| O|  |TAMS 0x0000000084100000| PB 0x0000000084100000| Untracked 
|  18|0x0000000084200000, 0x0000000084300000, 0x0000000084300000|100%| O|CS|TAMS 0x0000000084200000| PB 0x0000000084200000| Complete 
|  19|0x0000000084300000, 0x0000000084400000, 0x0000000084400000|100%| O|  |TAMS 0x0000000084300000| PB 0x0000000084300000| Untracked 
|  20|0x0000000084400000, 0x0000000084500000, 0x0000000084500000|100%| O|  |TAMS 0x0000000084400000| PB 0x0000000084400000| Untracked 
|  21|0x0000000084500000, 0x0000000084600000, 0x0000000084600000|100%| O|  |TAMS 0x0000000084500000| PB 0x0000000084500000| Untracked 
|  22|0x0000000084600000, 0x0000000084700000, 0x0000000084700000|100%| O|  |TAMS 0x0000000084600000| PB 0x0000000084600000| Untracked 
|  23|0x0000000084700000, 0x0000000084800000, 0x0000000084800000|100%| O|  |TAMS 0x0000000084700000| PB 0x0000000084700000| Untracked 
|  24|0x0000000084800000, 0x0000000084900000, 0x0000000084900000|100%| O|  |TAMS 0x0000000084800000| PB 0x0000000084800000| Untracked 
|  25|0x0000000084900000, 0x0000000084a00000, 0x0000000084a00000|100%| O|  |TAMS 0x0000000084900000| PB 0x0000000084900000| Untracked 
|  26|0x0000000084a00000, 0x0000000084b00000, 0x0000000084b00000|100%| O|  |TAMS 0x0000000084a00000| PB 0x0000000084a00000| Untracked 
|  27|0x0000000084b00000, 0x0000000084c00000, 0x0000000084c00000|100%| O|  |TAMS 0x0000000084b00000| PB 0x0000000084b00000| Untracked 
|  28|0x0000000084c00000, 0x0000000084d00000, 0x0000000084d00000|100%| O|  |TAMS 0x0000000084c00000| PB 0x0000000084c00000| Untracked 
|  29|0x0000000084d00000, 0x0000000084e00000, 0x0000000084e00000|100%| O|  |TAMS 0x0000000084d00000| PB 0x0000000084d00000| Untracked 
|  30|0x0000000084e00000, 0x0000000084f00000, 0x0000000084f00000|100%| O|  |TAMS 0x0000000084e00000| PB 0x0000000084e00000| Untracked 
|  31|0x0000000084f00000, 0x0000000085000000, 0x0000000085000000|100%| O|  |TAMS 0x0000000084f00000| PB 0x0000000084f00000| Untracked 
|  32|0x0000000085000000, 0x000000008507cdd8, 0x0000000085100000| 48%| E|CS|TAMS 0x0000000085000000| PB 0x0000000085000000| Complete 
|  33|0x0000000085100000, 0x0000000085200000, 0x0000000085200000|100%| O|  |TAMS 0x0000000085100000| PB 0x0000000085100000| Untracked 
|  34|0x0000000085200000, 0x0000000085300000, 0x0000000085300000|100%| O|  |TAMS 0x0000000085200000| PB 0x0000000085200000| Untracked 
|  35|0x0000000085300000, 0x0000000085400000, 0x0000000085400000|100%| O|  |TAMS 0x0000000085300000| PB 0x0000000085300000| Untracked 
|  36|0x0000000085400000, 0x0000000085500000, 0x0000000085500000|100%| E|CS|TAMS 0x0000000085400000| PB 0x0000000085400000| Complete 
|  37|0x0000000085500000, 0x0000000085600000, 0x0000000085600000|100%| E|CS|TAMS 0x0000000085500000| PB 0x0000000085500000| Complete 
|  38|0x0000000085600000, 0x0000000085700000, 0x0000000085700000|100%| O|  |TAMS 0x0000000085600000| PB 0x0000000085600000| Untracked 
|  39|0x0000000085700000, 0x0000000085800000, 0x0000000085800000|100%| S|  |TAMS 0x0000000085700000| PB 0x0000000085700000| Complete 
|  40|0x0000000085800000, 0x0000000085900000, 0x0000000085900000|100%| S|  |TAMS 0x0000000085800000| PB 0x0000000085800000| Complete 
|  41|0x0000000085900000, 0x0000000085a00000, 0x0000000085a00000|100%| E|CS|TAMS 0x0000000085900000| PB 0x0000000085900000| Complete 
|  42|0x0000000085a00000, 0x0000000085b00000, 0x0000000085b00000|100%| E|CS|TAMS 0x0000000085a00000| PB 0x0000000085a00000| Complete 
|  43|0x0000000085b00000, 0x0000000085c00000, 0x0000000085c00000|100%| E|CS|TAMS 0x0000000085b00000| PB 0x0000000085b00000| Complete 
|  44|0x0000000085c00000, 0x0000000085d00000, 0x0000000085d00000|100%| E|CS|TAMS 0x0000000085c00000| PB 0x0000000085c00000| Complete 
|  45|0x0000000085d00000, 0x0000000085e00000, 0x0000000085e00000|100%| E|CS|TAMS 0x0000000085d00000| PB 0x0000000085d00000| Complete 
|  46|0x0000000085e00000, 0x0000000085f00000, 0x0000000085f00000|100%| E|CS|TAMS 0x0000000085e00000| PB 0x0000000085e00000| Complete 
|  47|0x0000000085f00000, 0x0000000086000000, 0x0000000086000000|100%| E|CS|TAMS 0x0000000085f00000| PB 0x0000000085f00000| Complete 
|  48|0x0000000086000000, 0x0000000086100000, 0x0000000086100000|100%| E|CS|TAMS 0x0000000086000000| PB 0x0000000086000000| Complete 
|  49|0x0000000086100000, 0x0000000086200000, 0x0000000086200000|100%| E|CS|TAMS 0x0000000086100000| PB 0x0000000086100000| Complete 
|  50|0x0000000086200000, 0x0000000086300000, 0x0000000086300000|100%| E|CS|TAMS 0x0000000086200000| PB 0x0000000086200000| Complete 
|  51|0x0000000086300000, 0x0000000086400000, 0x0000000086400000|100%| E|CS|TAMS 0x0000000086300000| PB 0x0000000086300000| Complete 
|  65|0x0000000087100000, 0x0000000087200000, 0x0000000087200000|100%| E|CS|TAMS 0x0000000087100000| PB 0x0000000087100000| Complete 
|  66|0x0000000087200000, 0x0000000087300000, 0x0000000087300000|100%| E|CS|TAMS 0x0000000087200000| PB 0x0000000087200000| Complete 
|  67|0x0000000087300000, 0x0000000087400000, 0x0000000087400000|100%| E|CS|TAMS 0x0000000087300000| PB 0x0000000087300000| Complete 
|  68|0x0000000087400000, 0x0000000087500000, 0x0000000087500000|100%| E|CS|TAMS 0x0000000087400000| PB 0x0000000087400000| Complete 
|  69|0x0000000087500000, 0x0000000087600000, 0x0000000087600000|100%| E|CS|TAMS 0x0000000087500000| PB 0x0000000087500000| Complete 
|  70|0x0000000087600000, 0x0000000087700000, 0x0000000087700000|100%| E|CS|TAMS 0x0000000087600000| PB 0x0000000087600000| Complete 
|  71|0x0000000087700000, 0x0000000087800000, 0x0000000087800000|100%| E|CS|TAMS 0x0000000087700000| PB 0x0000000087700000| Complete 
|  72|0x0000000087800000, 0x0000000087900000, 0x0000000087900000|100%| E|CS|TAMS 0x0000000087800000| PB 0x0000000087800000| Complete 
| 125|0x000000008ad00000, 0x000000008ae00000, 0x000000008ae00000|100%| E|CS|TAMS 0x000000008ad00000| PB 0x000000008ad00000| Complete 
|1993|0x00000000ff900000, 0x00000000ffa00000, 0x00000000ffa00000|100%| O|  |TAMS 0x00000000ff900000| PB 0x00000000ff900000| Untracked 
|1994|0x00000000ffa00000, 0x00000000ffb00000, 0x00000000ffb00000|100%| O|CS|TAMS 0x00000000ffa00000| PB 0x00000000ffa00000| Complete 
|1995|0x00000000ffb00000, 0x00000000ffc00000, 0x00000000ffc00000|100%| O|  |TAMS 0x00000000ffb00000| PB 0x00000000ffb00000| Untracked 
|1996|0x00000000ffc00000, 0x00000000ffd00000, 0x00000000ffd00000|100%| O|  |TAMS 0x00000000ffc00000| PB 0x00000000ffc00000| Untracked 
|1997|0x00000000ffd00000, 0x00000000ffe00000, 0x00000000ffe00000|100%| O|  |TAMS 0x00000000ffd00000| PB 0x00000000ffd00000| Untracked 
|1998|0x00000000ffe00000, 0x00000000fff00000, 0x00000000fff00000|100%| O|  |TAMS 0x00000000ffe00000| PB 0x00000000ffe00000| Untracked 
|1999|0x00000000fff00000, 0x0000000100000000, 0x0000000100000000|100%| O|  |TAMS 0x00000000fff00000| PB 0x00000000fff00000| Untracked 

Card table byte_map: [0x0000022fedf90000,0x0000022fee380000] _byte_map_base: 0x0000022fedb78000

Marking Bits: (CMBitMap*) 0x0000022fe06ac410
 Bits: [0x0000022fee380000, 0x0000022ff02c0000)

Polling page: 0x0000022fe05d0000

Metaspace:

Usage:
  Non-class:     53.75 MB used.
      Class:      8.93 MB used.
       Both:     62.69 MB used.

Virtual space:
  Non-class space:       64.00 MB reserved,      54.06 MB ( 84%) committed,  1 nodes.
      Class space:        1.00 GB reserved,       9.19 MB ( <1%) committed,  1 nodes.
             Both:        1.06 GB reserved,      63.25 MB (  6%) committed. 

Chunk freelists:
   Non-Class:  9.97 MB
       Class:  6.84 MB
        Both:  16.81 MB

MaxMetaspaceSize: unlimited
CompressedClassSpaceSize: 1.00 GB
Initial GC threshold: 21.00 MB
Current GC threshold: 103.69 MB
CDS: on
 - commit_granule_bytes: 65536.
 - commit_granule_words: 8192.
 - virtual_space_node_default_size: 8388608.
 - enlarge_chunks_in_place: 1.
 - use_allocation_guard: 0.


Internal statistics:

num_allocs_failed_limit: 6.
num_arena_births: 1110.
num_arena_deaths: 272.
num_vsnodes_births: 2.
num_vsnodes_deaths: 0.
num_space_committed: 1012.
num_space_uncommitted: 0.
num_chunks_returned_to_freelist: 310.
num_chunks_taken_from_freelist: 3763.
num_chunk_merges: 80.
num_chunk_splits: 2523.
num_chunks_enlarged: 1910.
num_inconsistent_stats: 0.

CodeCache: size=49152Kb used=14068Kb max_used=14864Kb free=35083Kb
 bounds [0x0000022fea2c0000, 0x0000022feb150000, 0x0000022fed2c0000]
 total_blobs=8726 nmethods=8050 adapters=599
 compilation: enabled
              stopped_count=0, restarted_count=0
 full_count=0

Compilation events (20 events):
Event: 191.346 Thread 0x0000022ff2da8290 nmethod 8723 0x0000022feb02e710 code [0x0000022feb02e8e0, 0x0000022feb02eb10]
Event: 191.346 Thread 0x0000022ff2da8290 8726       1       org.springframework.cglib.proxy.CallbackInfo::getGenerator (57 bytes)
Event: 191.347 Thread 0x0000022ff2da8290 nmethod 8726 0x0000022feb02e190 code [0x0000022feb02e360, 0x0000022feb02e588]
Event: 191.347 Thread 0x0000022ff2da8290 8724   !   1       org.springframework.beans.factory.annotation.AutowiredAnnotationBeanPostProcessor::postProcessProperties (46 bytes)
Event: 191.347 Thread 0x0000022ff2da8290 nmethod 8724 0x0000022feb02dc10 code [0x0000022feb02dde0, 0x0000022feb02e030]
Event: 191.386 Thread 0x0000022ff2da8290 8727       1       org.springframework.asm.ClassReader::readBytecodeInstructionOffset (1 bytes)
Event: 191.386 Thread 0x0000022ff2da8290 nmethod 8727 0x0000022fea945c90 code [0x0000022fea945e20, 0x0000022fea945ee8]
Event: 191.388 Thread 0x0000022ff2da8290 8728       1       org.springframework.asm.Frame::addInitializedType (77 bytes)
Event: 191.388 Thread 0x0000022ff2da8290 nmethod 8728 0x0000022feb02d510 code [0x0000022feb02d6c0, 0x0000022feb02da88]
Event: 191.390 Thread 0x0000022ff2da8290 8729       1       java.lang.Class::forName (10 bytes)
Event: 191.390 Thread 0x0000022ff2da8290 nmethod 8729 0x0000022feb02d090 code [0x0000022feb02d260, 0x0000022feb02d3b8]
Event: 191.390 Thread 0x0000022ff2da8290 8730       1       java.lang.Class::forName (23 bytes)
Event: 191.390 Thread 0x0000022ff2da8290 nmethod 8730 0x0000022feb02cc90 code [0x0000022feb02ce40, 0x0000022feb02cf78]
Event: 191.390 Thread 0x0000022ff2da8290 8731       1       java.lang.ClassLoader::getClassLoader (11 bytes)
Event: 191.390 Thread 0x0000022ff2da8290 nmethod 8731 0x0000022fea946290 code [0x0000022fea946420, 0x0000022fea946508]
Event: 191.397 Thread 0x0000022ff2da8290 8732       1       org.springframework.orm.jpa.support.PersistenceAnnotationBeanPostProcessor::buildPersistenceMetadata (103 bytes)
Event: 191.399 Thread 0x0000022ff2da8290 nmethod 8732 0x0000022feb02ba10 code [0x0000022feb02bca0, 0x0000022feb02c898]
Event: 191.399 Thread 0x0000022ff2da8290 8733       1       org.springframework.context.annotation.CommonAnnotationBeanPostProcessor::buildResourceMetadata (89 bytes)
Event: 191.400 Thread 0x0000022ff2da8290 nmethod 8733 0x0000022feb02ab10 code [0x0000022feb02ad80, 0x0000022feb02b680]
Event: 191.400 Thread 0x0000022ff2da8290 8734       1       org.springframework.beans.factory.annotation.AutowiredAnnotationBeanPostProcessor::buildAutowiringMetadata (114 bytes)

GC Heap History (20 events):
Event: 27.744 GC heap after
{Heap after GC invocations=10 (full 0):
 garbage-first heap   total 69632K, used 24816K [0x0000000083000000, 0x0000000100000000)
  region size 1024K, 2 young (2048K), 2 survivors (2048K)
 Metaspace       used 37296K, committed 37824K, reserved 1114112K
  class space    used 5284K, committed 5504K, reserved 1048576K
}
Event: 45.444 GC heap before
{Heap before GC invocations=10 (full 0):
 garbage-first heap   total 69632K, used 59632K [0x0000000083000000, 0x0000000100000000)
  region size 1024K, 36 young (36864K), 2 survivors (2048K)
 Metaspace       used 43388K, committed 43968K, reserved 1114112K
  class space    used 6132K, committed 6400K, reserved 1048576K
}
Event: 45.461 GC heap after
{Heap after GC invocations=11 (full 0):
 garbage-first heap   total 69632K, used 26180K [0x0000000083000000, 0x0000000100000000)
  region size 1024K, 4 young (4096K), 4 survivors (4096K)
 Metaspace       used 43388K, committed 43968K, reserved 1114112K
  class space    used 6132K, committed 6400K, reserved 1048576K
}
Event: 52.971 GC heap before
{Heap before GC invocations=11 (full 0):
 garbage-first heap   total 69632K, used 59972K [0x0000000083000000, 0x0000000100000000)
  region size 1024K, 38 young (38912K), 4 survivors (4096K)
 Metaspace       used 50430K, committed 51008K, reserved 1114112K
  class space    used 7312K, committed 7552K, reserved 1048576K
}
Event: 52.984 GC heap after
{Heap after GC invocations=12 (full 0):
 garbage-first heap   total 69632K, used 27614K [0x0000000083000000, 0x0000000100000000)
  region size 1024K, 4 young (4096K), 4 survivors (4096K)
 Metaspace       used 50430K, committed 51008K, reserved 1114112K
  class space    used 7312K, committed 7552K, reserved 1048576K
}
Event: 56.438 GC heap before
{Heap before GC invocations=12 (full 0):
 garbage-first heap   total 69632K, used 60382K [0x0000000083000000, 0x0000000100000000)
  region size 1024K, 36 young (36864K), 4 survivors (4096K)
 Metaspace       used 51379K, committed 52032K, reserved 1114112K
  class space    used 7460K, committed 7744K, reserved 1048576K
}
Event: 56.448 GC heap after
{Heap after GC invocations=13 (full 0):
 garbage-first heap   total 69632K, used 28192K [0x0000000083000000, 0x0000000100000000)
  region size 1024K, 2 young (2048K), 2 survivors (2048K)
 Metaspace       used 51379K, committed 52032K, reserved 1114112K
  class space    used 7460K, committed 7744K, reserved 1048576K
}
Event: 56.644 GC heap before
{Heap before GC invocations=13 (full 0):
 garbage-first heap   total 69632K, used 29216K [0x0000000083000000, 0x0000000100000000)
  region size 1024K, 4 young (4096K), 2 survivors (2048K)
 Metaspace       used 51677K, committed 52288K, reserved 1114112K
  class space    used 7521K, committed 7808K, reserved 1048576K
}
Event: 56.649 GC heap after
{Heap after GC invocations=14 (full 0):
 garbage-first heap   total 69632K, used 28099K [0x0000000083000000, 0x0000000100000000)
  region size 1024K, 2 young (2048K), 2 survivors (2048K)
 Metaspace       used 51677K, committed 52288K, reserved 1114112K
  class space    used 7521K, committed 7808K, reserved 1048576K
}
Event: 165.579 GC heap before
{Heap before GC invocations=15 (full 0):
 garbage-first heap   total 69632K, used 61891K [0x0000000083000000, 0x0000000100000000)
  region size 1024K, 35 young (35840K), 2 survivors (2048K)
 Metaspace       used 56413K, committed 57024K, reserved 1114112K
  class space    used 8177K, committed 8448K, reserved 1048576K
}
Event: 166.018 GC heap after
{Heap after GC invocations=16 (full 0):
 garbage-first heap   total 69632K, used 31600K [0x0000000083000000, 0x0000000100000000)
  region size 1024K, 5 young (5120K), 5 survivors (5120K)
 Metaspace       used 56413K, committed 57024K, reserved 1114112K
  class space    used 8177K, committed 8448K, reserved 1048576K
}
Event: 173.057 GC heap before
{Heap before GC invocations=16 (full 0):
 garbage-first heap   total 69632K, used 50032K [0x0000000083000000, 0x0000000100000000)
  region size 1024K, 23 young (23552K), 5 survivors (5120K)
 Metaspace       used 60009K, committed 60544K, reserved 1114112K
  class space    used 8683K, committed 8896K, reserved 1048576K
}
Event: 173.077 GC heap after
{Heap after GC invocations=17 (full 0):
 garbage-first heap   total 69632K, used 33082K [0x0000000083000000, 0x0000000100000000)
  region size 1024K, 2 young (2048K), 2 survivors (2048K)
 Metaspace       used 60009K, committed 60544K, reserved 1114112K
  class space    used 8683K, committed 8896K, reserved 1048576K
}
Event: 181.916 GC heap before
{Heap before GC invocations=17 (full 0):
 garbage-first heap   total 69632K, used 61754K [0x0000000083000000, 0x0000000100000000)
  region size 1024K, 30 young (30720K), 2 survivors (2048K)
 Metaspace       used 62187K, committed 62720K, reserved 1114112K
  class space    used 8996K, committed 9216K, reserved 1048576K
}
Event: 181.932 GC heap after
{Heap after GC invocations=18 (full 0):
 garbage-first heap   total 69632K, used 35396K [0x0000000083000000, 0x0000000100000000)
  region size 1024K, 4 young (4096K), 4 survivors (4096K)
 Metaspace       used 62187K, committed 62720K, reserved 1114112K
  class space    used 8996K, committed 9216K, reserved 1048576K
}
Event: 185.821 GC heap before
{Heap before GC invocations=18 (full 0):
 garbage-first heap   total 69632K, used 60996K [0x0000000083000000, 0x0000000100000000)
  region size 1024K, 29 young (29696K), 4 survivors (4096K)
 Metaspace       used 63039K, committed 63616K, reserved 1114112K
  class space    used 9077K, committed 9344K, reserved 1048576K
}
Event: 185.984 GC heap after
{Heap after GC invocations=19 (full 0):
 garbage-first heap   total 69632K, used 38533K [0x0000000083000000, 0x0000000100000000)
  region size 1024K, 3 young (3072K), 3 survivors (3072K)
 Metaspace       used 63039K, committed 63616K, reserved 1114112K
  class space    used 9077K, committed 9344K, reserved 1048576K
}
Event: 188.893 GC heap before
{Heap before GC invocations=20 (full 0):
 garbage-first heap   total 69632K, used 62085K [0x0000000083000000, 0x0000000100000000)
  region size 1024K, 26 young (26624K), 3 survivors (3072K)
 Metaspace       used 63523K, committed 64064K, reserved 1114112K
  class space    used 9101K, committed 9344K, reserved 1048576K
}
Event: 188.911 GC heap after
{Heap after GC invocations=21 (full 0):
 garbage-first heap   total 69632K, used 40854K [0x0000000083000000, 0x0000000100000000)
  region size 1024K, 3 young (3072K), 3 survivors (3072K)
 Metaspace       used 63523K, committed 64064K, reserved 1114112K
  class space    used 9101K, committed 9344K, reserved 1048576K
}
Event: 191.400 GC heap before
{Heap before GC invocations=21 (full 0):
 garbage-first heap   total 69632K, used 61334K [0x0000000083000000, 0x0000000100000000)
  region size 1024K, 23 young (23552K), 3 survivors (3072K)
 Metaspace       used 64189K, committed 64768K, reserved 1114112K
  class space    used 9145K, committed 9408K, reserved 1048576K
}

Dll operation events (10 events):
Event: 0.042 Loaded shared library C:\Program Files\Java\jdk-21\bin\java.dll
Event: 0.570 Loaded shared library C:\Program Files\Java\jdk-21\bin\net.dll
Event: 0.575 Loaded shared library C:\Program Files\Java\jdk-21\bin\nio.dll
Event: 0.596 Loaded shared library C:\Program Files\Java\jdk-21\bin\zip.dll
Event: 0.832 Loaded shared library C:\Program Files\Java\jdk-21\bin\jimage.dll
Event: 4.216 Loaded shared library C:\Program Files\Java\jdk-21\bin\sunmscapi.dll
Event: 15.609 Loaded shared library C:\Program Files\Java\jdk-21\bin\management.dll
Event: 15.622 Loaded shared library C:\Program Files\Java\jdk-21\bin\management_ext.dll
Event: 20.193 Loaded shared library C:\Program Files\Java\jdk-21\bin\verify.dll
Event: 29.708 Loaded shared library C:\Program Files\Java\jdk-21\bin\extnet.dll

Deoptimization events (8 events):
Event: 4.260 Thread 0x0000022fe0655910 DEOPT PACKING pc=0x0000022fea9113ae sp=0x000000e08b6fe180
Event: 4.260 Thread 0x0000022fe0655910 DEOPT UNPACKING pc=0x0000022fea314e42 sp=0x000000e08b6fd6e8 mode 0
Event: 4.260 Thread 0x0000022fe0655910 DEOPT PACKING pc=0x0000022fea90a764 sp=0x000000e08b6fe370
Event: 4.260 Thread 0x0000022fe0655910 DEOPT UNPACKING pc=0x0000022fea314e42 sp=0x000000e08b6fd858 mode 0
Event: 168.833 Thread 0x0000022fe0655910 DEOPT PACKING pc=0x0000022fea8cfd59 sp=0x000000e08b6fcc10
Event: 168.843 Thread 0x0000022fe0655910 DEOPT UNPACKING pc=0x0000022fea314e42 sp=0x000000e08b6fc118 mode 3
Event: 171.579 Thread 0x0000022fe0655910 DEOPT PACKING pc=0x0000022fea8eef9c sp=0x000000e08b6fd060
Event: 171.579 Thread 0x0000022fe0655910 DEOPT UNPACKING pc=0x0000022fea314e42 sp=0x000000e08b6fc5b8 mode 0

Classes loaded (20 events):
Event: 172.928 Loading class jdk/internal/reflect/Label$PatchInfo
Event: 172.929 Loading class jdk/internal/reflect/Label$PatchInfo done
Event: 172.929 Loading class jdk/internal/reflect/MethodAccessorGenerator$1
Event: 172.929 Loading class jdk/internal/reflect/MethodAccessorGenerator$1 done
Event: 172.929 Loading class jdk/internal/reflect/ClassDefiner
Event: 172.929 Loading class jdk/internal/reflect/ClassDefiner done
Event: 172.930 Loading class jdk/internal/reflect/ClassDefiner$1
Event: 172.930 Loading class jdk/internal/reflect/ClassDefiner$1 done
Event: 172.932 Loading class jdk/internal/reflect/SerializationConstructorAccessorImpl
Event: 172.933 Loading class jdk/internal/reflect/SerializationConstructorAccessorImpl done
Event: 176.299 Loading class java/util/Collections$SynchronizedRandomAccessList
Event: 176.305 Loading class java/util/Collections$SynchronizedList
Event: 176.310 Loading class java/util/Collections$SynchronizedList done
Event: 176.311 Loading class java/util/Collections$SynchronizedRandomAccessList done
Event: 178.840 Loading class java/util/Base64
Event: 178.845 Loading class java/util/Base64 done
Event: 178.846 Loading class java/util/Base64$Encoder
Event: 178.848 Loading class java/util/Base64$Encoder done
Event: 178.879 Loading class java/nio/StringCharBuffer
Event: 178.881 Loading class java/nio/StringCharBuffer done

Classes unloaded (20 events):
Event: 186.140 Thread 0x0000022ff2d7a150 Unloading class 0x0000022f816d8c00 'java/lang/invoke/LambdaForm$MH+0x0000022f816d8c00'
Event: 186.140 Thread 0x0000022ff2d7a150 Unloading class 0x0000022f816d8800 'java/lang/invoke/LambdaForm$MH+0x0000022f816d8800'
Event: 186.140 Thread 0x0000022ff2d7a150 Unloading class 0x0000022f816d8400 'java/lang/invoke/LambdaForm$MH+0x0000022f816d8400'
Event: 186.140 Thread 0x0000022ff2d7a150 Unloading class 0x0000022f816d8000 'java/lang/invoke/LambdaForm$MH+0x0000022f816d8000'
Event: 186.141 Thread 0x0000022ff2d7a150 Unloading class 0x0000022f8148c400 'java/lang/invoke/LambdaForm$MH+0x0000022f8148c400'
Event: 186.141 Thread 0x0000022ff2d7a150 Unloading class 0x0000022f8148c000 'java/lang/invoke/LambdaForm$MH+0x0000022f8148c000'
Event: 186.141 Thread 0x0000022ff2d7a150 Unloading class 0x0000022f813f8000 'java/lang/invoke/LambdaForm$MH+0x0000022f813f8000'
Event: 186.141 Thread 0x0000022ff2d7a150 Unloading class 0x0000022f813c4400 'java/lang/invoke/LambdaForm$MH+0x0000022f813c4400'
Event: 186.142 Thread 0x0000022ff2d7a150 Unloading class 0x0000022f8138cc00 'java/lang/invoke/LambdaForm$MH+0x0000022f8138cc00'
Event: 186.142 Thread 0x0000022ff2d7a150 Unloading class 0x0000022f8138c800 'java/lang/invoke/LambdaForm$MH+0x0000022f8138c800'
Event: 186.142 Thread 0x0000022ff2d7a150 Unloading class 0x0000022f8133a400 'java/lang/invoke/LambdaForm$MH+0x0000022f8133a400'
Event: 186.142 Thread 0x0000022ff2d7a150 Unloading class 0x0000022f81339800 'java/lang/invoke/LambdaForm$MH+0x0000022f81339800'
Event: 186.142 Thread 0x0000022ff2d7a150 Unloading class 0x0000022f81339400 'java/lang/invoke/LambdaForm$MH+0x0000022f81339400'
Event: 186.142 Thread 0x0000022ff2d7a150 Unloading class 0x0000022f81339000 'java/lang/invoke/LambdaForm$MH+0x0000022f81339000'
Event: 186.143 Thread 0x0000022ff2d7a150 Unloading class 0x0000022f81338800 'java/lang/invoke/LambdaForm$MH+0x0000022f81338800'
Event: 186.143 Thread 0x0000022ff2d7a150 Unloading class 0x0000022f81338000 'java/lang/invoke/LambdaForm$MH+0x0000022f81338000'
Event: 186.143 Thread 0x0000022ff2d7a150 Unloading class 0x0000022f812c9800 'java/lang/invoke/LambdaForm$MH+0x0000022f812c9800'
Event: 186.143 Thread 0x0000022ff2d7a150 Unloading class 0x0000022f812c9400 'java/lang/invoke/LambdaForm$MH+0x0000022f812c9400'
Event: 186.143 Thread 0x0000022ff2d7a150 Unloading class 0x0000022f812c8c00 'java/lang/invoke/LambdaForm$MH+0x0000022f812c8c00'
Event: 186.143 Thread 0x0000022ff2d7a150 Unloading class 0x0000022f812c8000 'java/lang/invoke/LambdaForm$MH+0x0000022f812c8000'

Classes redefined (0 events):
No events

Internal exceptions (20 events):
Event: 63.458 Thread 0x0000022fe0655910 Exception <a 'java/lang/NoSuchMethodError'{0x000000008742e230}: 'java.lang.Object java.lang.invoke.DirectMethodHandle$Holder.newInvokeSpecial(java.lang.Object, java.lang.Object, java.lang.Object, java.lang.Object, java.lang.Object, java.lang.Object, java.lang.Object, java.lang.Object, java.lang.Object, java.lang.Object, java.lang.Object, java.lang.Object)'> (0x000000008742e230) 
thrown [s\open\src\hotspot\share\interpreter\linkResolver.cpp, line 773]
Event: 63.459 Thread 0x0000022fe0655910 Exception <a 'java/lang/NoSuchMethodError'{0x0000000087432ac8}: 'java.lang.Object java.lang.invoke.DirectMethodHandle$Holder.invokeSpecial(java.lang.Object, java.lang.Object, java.lang.Object, java.lang.Object, java.lang.Object, java.lang.Object, java.lang.Object, java.lang.Object, java.lang.Object, java.lang.Object, java.lang.Object, java.lang.Object, java.lang.Object)'> (0x0000000087432ac8) 
thrown [s\open\src\hotspot\share\interpreter\linkResolver.cpp, line 773]
Event: 63.460 Thread 0x0000022fe0655910 Exception <a 'java/lang/NoSuchMethodError'{0x0000000087436fa0}: 'java.lang.Object java.lang.invoke.Invokers$Holder.linkToTargetMethod(java.lang.Object, java.lang.Object, java.lang.Object, java.lang.Object, java.lang.Object, java.lang.Object, java.lang.Object, java.lang.Object, java.lang.Object, java.lang.Object, java.lang.Object, java.lang.Object)'> (0x0000000087436fa0) 
thrown [s\open\src\hotspot\share\interpreter\linkResolver.cpp, line 773]
Event: 63.999 Thread 0x0000022fe0655910 Exception <a 'java/lang/NoSuchMethodError'{0x0000000087107000}: 'java.lang.Object java.lang.invoke.DirectMethodHandle$Holder.newInvokeSpecial(java.lang.Object, java.lang.Object, int, java.lang.Object, int, java.lang.Object, java.lang.Object)'> (0x0000000087107000) 
thrown [s\open\src\hotspot\share\interpreter\linkResolver.cpp, line 773]
Event: 64.040 Thread 0x0000022fe0655910 Exception <a 'java/lang/NoSuchMethodError'{0x0000000087174998}: 'java.lang.Object java.lang.invoke.DirectMethodHandle$Holder.newInvokeSpecial(java.lang.Object, java.lang.Object, java.lang.Object, java.lang.Object, java.lang.Object, java.lang.Object, java.lang.Object, int)'> (0x0000000087174998) 
thrown [s\open\src\hotspot\share\interpreter\linkResolver.cpp, line 773]
Event: 64.041 Thread 0x0000022fe0655910 Exception <a 'java/lang/NoSuchMethodError'{0x0000000087178ef8}: 'java.lang.Object java.lang.invoke.DirectMethodHandle$Holder.invokeSpecial(java.lang.Object, java.lang.Object, java.lang.Object, java.lang.Object, java.lang.Object, java.lang.Object, java.lang.Object, java.lang.Object, int)'> (0x0000000087178ef8) 
thrown [s\open\src\hotspot\share\interpreter\linkResolver.cpp, line 773]
Event: 64.041 Thread 0x0000022fe0655910 Exception <a 'java/lang/NoSuchMethodError'{0x000000008717cf10}: 'java.lang.Object java.lang.invoke.Invokers$Holder.linkToTargetMethod(java.lang.Object, java.lang.Object, java.lang.Object, java.lang.Object, java.lang.Object, java.lang.Object, int, java.lang.Object)'> (0x000000008717cf10) 
thrown [s\open\src\hotspot\share\interpreter\linkResolver.cpp, line 773]
Event: 64.370 Thread 0x0000022fe0655910 Exception <a 'java/lang/NoSuchMethodError'{0x00000000862ce318}: 'void java.lang.invoke.DirectMethodHandle$Holder.invokeInterface(java.lang.Object, java.lang.Object)'> (0x00000000862ce318) 
thrown [s\open\src\hotspot\share\interpreter\linkResolver.cpp, line 773]
Event: 69.532 Thread 0x0000022fe0655910 Exception <a 'sun/nio/fs/WindowsException'{0x0000000085ce2128}> (0x0000000085ce2128) 
thrown [s\open\src\hotspot\share\prims\jni.cpp, line 520]
Event: 88.204 Thread 0x0000022fe0655910 Exception <a 'java/lang/NoSuchMethodError'{0x00000000852f37d8}: 'java.lang.Object java.lang.invoke.DirectMethodHandle$Holder.invokeSpecial(java.lang.Object, java.lang.Object, int, java.lang.Object, int)'> (0x00000000852f37d8) 
thrown [s\open\src\hotspot\share\interpreter\linkResolver.cpp, line 773]
Event: 96.192 Thread 0x0000022fe0655910 Exception <a 'java/lang/NoSuchMethodError'{0x0000000084efc448}: 'java.lang.Object java.lang.invoke.DirectMethodHandle$Holder.invokeStaticInit(java.lang.Object, java.lang.Object, java.lang.Object, java.lang.Object)'> (0x0000000084efc448) 
thrown [s\open\src\hotspot\share\interpreter\linkResolver.cpp, line 773]
Event: 145.705 Thread 0x0000022fe0655910 Exception <a 'java/lang/NoSuchMethodError'{0x0000000084b24610}: 'void java.lang.invoke.DelegatingMethodHandle$Holder.reinvoke_L(java.lang.Object, java.lang.Object, int)'> (0x0000000084b24610) 
thrown [s\open\src\hotspot\share\interpreter\linkResolver.cpp, line 773]
Event: 167.215 Thread 0x0000022fe0655910 Exception <a 'java/lang/IncompatibleClassChangeError'{0x000000008781e060}: Found class java.lang.Object, but interface was expected> (0x000000008781e060) 
thrown [s\open\src\hotspot\share\interpreter\linkResolver.cpp, line 840]
Event: 167.719 Thread 0x0000022fe0655910 Exception <a 'java/lang/IncompatibleClassChangeError'{0x000000008789f018}: Found class java.lang.Object, but interface was expected> (0x000000008789f018) 
thrown [s\open\src\hotspot\share\interpreter\linkResolver.cpp, line 840]
Event: 169.349 Thread 0x0000022fe0655910 Exception <a 'java/lang/IncompatibleClassChangeError'{0x0000000087656b60}: Found class java.lang.Object, but interface was expected> (0x0000000087656b60) 
thrown [s\open\src\hotspot\share\interpreter\linkResolver.cpp, line 840]
Event: 171.852 Thread 0x0000022fe0655910 Exception <a 'java/lang/IncompatibleClassChangeError'{0x0000000086228b00}: Found class java.lang.Object, but interface was expected> (0x0000000086228b00) 
thrown [s\open\src\hotspot\share\interpreter\linkResolver.cpp, line 840]
Event: 172.195 Thread 0x0000022fe0655910 Exception <a 'java/lang/IncompatibleClassChangeError'{0x0000000085f1b178}: Found class java.lang.Object, but interface was expected> (0x0000000085f1b178) 
thrown [s\open\src\hotspot\share\interpreter\linkResolver.cpp, line 840]
Event: 172.505 Thread 0x0000022fe0655910 Exception <a 'java/lang/NoSuchMethodError'{0x0000000085edc370}: 'java.lang.Object java.lang.invoke.DirectMethodHandle$Holder.invokeStatic(java.lang.Object, int, java.lang.Object)'> (0x0000000085edc370) 
thrown [s\open\src\hotspot\share\interpreter\linkResolver.cpp, line 773]
Event: 173.883 Thread 0x0000022fe0655910 Exception <a 'java/lang/NoSuchMethodError'{0x00000000873f1c28}: 'java.lang.Object java.lang.invoke.DirectMethodHandle$Holder.newInvokeSpecial(java.lang.Object, java.lang.Object, java.lang.Object, java.lang.Object, java.lang.Object, java.lang.Object, java.lang.Object, java.lang.Object)'> (0x00000000873f1c28) 
thrown [s\open\src\hotspot\share\interpreter\linkResolver.cpp, line 773]
Event: 177.778 Thread 0x0000022fe0655910 Exception <a 'java/lang/NoSuchMethodError'{0x00000000858cbb90}: 'java.lang.Object java.lang.invoke.DirectMethodHandle$Holder.invokeVirtual(java.lang.Object, java.lang.Object, java.lang.Object, java.lang.Object, java.lang.Object, java.lang.Object, java.lang.Object)'> (0x00000000858cbb90) 
thrown [s\open\src\hotspot\share\interpreter\linkResolver.cpp, line 773]

ZGC Phase Switch (0 events):
No events

VM Operations (20 events):
Event: 183.973 Executing VM operation: Cleanup done
Event: 184.982 Executing VM operation: Cleanup
Event: 184.982 Executing VM operation: Cleanup done
Event: 185.801 Executing VM operation: G1CollectForAllocation (G1 Evacuation Pause)
Event: 185.984 Executing VM operation: G1CollectForAllocation (G1 Evacuation Pause) done
Event: 186.113 Executing VM operation: G1PauseRemark
Event: 186.512 Executing VM operation: G1PauseRemark done
Event: 186.606 Executing VM operation: G1PauseCleanup
Event: 186.615 Executing VM operation: G1PauseCleanup done
Event: 187.623 Executing VM operation: Cleanup
Event: 187.639 Executing VM operation: Cleanup done
Event: 188.652 Executing VM operation: Cleanup
Event: 188.668 Executing VM operation: Cleanup done
Event: 188.893 Executing VM operation: G1CollectForAllocation (G1 Evacuation Pause)
Event: 188.914 Executing VM operation: G1CollectForAllocation (G1 Evacuation Pause) done
Event: 189.927 Executing VM operation: Cleanup
Event: 189.927 Executing VM operation: Cleanup done
Event: 190.942 Executing VM operation: Cleanup
Event: 191.069 Executing VM operation: Cleanup done
Event: 191.400 Executing VM operation: G1CollectForAllocation (G1 Evacuation Pause)

Events (20 events):
Event: 186.430 Thread 0x0000022ff2d7a150 flushing nmethod 0x0000022fea512490
Event: 186.430 Thread 0x0000022ff2d7a150 flushing nmethod 0x0000022fea511d90
Event: 186.430 Thread 0x0000022ff2d7a150 flushing nmethod 0x0000022fea50dc10
Event: 186.430 Thread 0x0000022ff2d7a150 flushing nmethod 0x0000022fea508090
Event: 186.430 Thread 0x0000022ff2d7a150 flushing nmethod 0x0000022fea502f90
Event: 186.430 Thread 0x0000022ff2d7a150 flushing nmethod 0x0000022fea502210
Event: 186.430 Thread 0x0000022ff2d7a150 flushing nmethod 0x0000022fea501b10
Event: 186.430 Thread 0x0000022ff2d7a150 flushing nmethod 0x0000022fea501090
Event: 186.430 Thread 0x0000022ff2d7a150 flushing nmethod 0x0000022fea4fd310
Event: 186.430 Thread 0x0000022ff2d7a150 flushing nmethod 0x0000022fea4fc290
Event: 186.430 Thread 0x0000022ff2d7a150 flushing nmethod 0x0000022fea4fb810
Event: 186.430 Thread 0x0000022ff2d7a150 flushing nmethod 0x0000022fea4f5a10
Event: 186.430 Thread 0x0000022ff2d7a150 flushing nmethod 0x0000022fea4f5710
Event: 186.430 Thread 0x0000022ff2d7a150 flushing nmethod 0x0000022fea4f5410
Event: 186.430 Thread 0x0000022ff2d7a150 flushing nmethod 0x0000022fea4f4510
Event: 186.430 Thread 0x0000022ff2d7a150 flushing nmethod 0x0000022fea4f3310
Event: 186.430 Thread 0x0000022ff2d7a150 flushing nmethod 0x0000022fea4efb90
Event: 186.430 Thread 0x0000022ff2d7a150 flushing nmethod 0x0000022fea3d0c10
Event: 186.430 Thread 0x0000022ff2d7a150 flushing nmethod 0x0000022fea3cd610
Event: 186.430 Thread 0x0000022ff2d7a150 flushing nmethod 0x0000022fea3cd310


Dynamic libraries:
0x00007ff6c4740000 - 0x00007ff6c4750000 	C:\Program Files\Java\jdk-21\bin\java.exe
0x00007ffe99840000 - 0x00007ffe99aa7000 	C:\WINDOWS\SYSTEM32\ntdll.dll
0x00007ffe98800000 - 0x00007ffe988c9000 	C:\WINDOWS\System32\KERNEL32.DLL
0x00007ffe96300000 - 0x00007ffe966f7000 	C:\WINDOWS\System32\KERNELBASE.dll
0x00007ffe967b0000 - 0x00007ffe968fb000 	C:\WINDOWS\System32\ucrtbase.dll
0x00007ffe4a800000 - 0x00007ffe4a819000 	C:\Program Files\Java\jdk-21\bin\jli.dll
0x00007ffe97980000 - 0x00007ffe97a36000 	C:\WINDOWS\System32\ADVAPI32.dll
0x00007ffe97640000 - 0x00007ffe976e9000 	C:\WINDOWS\System32\msvcrt.dll
0x00007ffe97e10000 - 0x00007ffe97eb7000 	C:\WINDOWS\System32\sechost.dll
0x00007ffe986e0000 - 0x00007ffe987f8000 	C:\WINDOWS\System32\RPCRT4.dll
0x00007ffe98430000 - 0x00007ffe985f6000 	C:\WINDOWS\System32\USER32.dll
0x00007ffe96ae0000 - 0x00007ffe96b07000 	C:\WINDOWS\System32\win32u.dll
0x00007ffe98de0000 - 0x00007ffe98e0b000 	C:\WINDOWS\System32\GDI32.dll
0x00007ffe96900000 - 0x00007ffe96a2c000 	C:\WINDOWS\System32\gdi32full.dll
0x00007ffe96700000 - 0x00007ffe967a3000 	C:\WINDOWS\System32\msvcp_win.dll
0x00007ffe905c0000 - 0x00007ffe905cb000 	C:\WINDOWS\SYSTEM32\VERSION.dll
0x00007ffe77a00000 - 0x00007ffe77c92000 	C:\WINDOWS\WinSxS\amd64_microsoft.windows.common-controls_6595b64144ccf1df_6.0.26100.8457_none_3e0b2faee331e92d\COMCTL32.dll
0x00007ffe4a7e0000 - 0x00007ffe4a7fb000 	C:\Program Files\Java\jdk-21\bin\VCRUNTIME140.dll
0x00007ffe98690000 - 0x00007ffe986c2000 	C:\WINDOWS\System32\IMM32.DLL
0x00007ffe91270000 - 0x00007ffe9127c000 	C:\Program Files\Java\jdk-21\bin\vcruntime140_1.dll
0x00007ffd71cd0000 - 0x00007ffd71d5e000 	C:\Program Files\Java\jdk-21\bin\msvcp140.dll
0x00007ffd70fc0000 - 0x00007ffd71ccd000 	C:\Program Files\Java\jdk-21\bin\server\jvm.dll
0x00007ffe97730000 - 0x00007ffe977b0000 	C:\WINDOWS\System32\WS2_32.dll
0x00007ffe960d0000 - 0x00007ffe9612e000 	C:\WINDOWS\SYSTEM32\POWRPROF.dll
0x00007ffe8fbe0000 - 0x00007ffe8fc16000 	C:\WINDOWS\SYSTEM32\WINMM.dll
0x00007ffe960b0000 - 0x00007ffe960c4000 	C:\WINDOWS\SYSTEM32\UMPDC.dll
0x00007ffe95000000 - 0x00007ffe9501b000 	C:\WINDOWS\SYSTEM32\kernel.appcore.dll
0x00007ffe6d990000 - 0x00007ffe6d99a000 	C:\Program Files\Java\jdk-21\bin\jimage.dll
0x00007ffe94240000 - 0x00007ffe94482000 	C:\WINDOWS\SYSTEM32\DBGHELP.DLL
0x00007ffe989d0000 - 0x00007ffe98d53000 	C:\WINDOWS\System32\combase.dll
0x00007ffe98350000 - 0x00007ffe98429000 	C:\WINDOWS\System32\OLEAUT32.dll
0x00007ffe714d0000 - 0x00007ffe7150b000 	C:\WINDOWS\SYSTEM32\dbgcore.DLL
0x00007ffe96a30000 - 0x00007ffe96ad8000 	C:\WINDOWS\System32\bcryptPrimitives.dll
0x00007ffe4a780000 - 0x00007ffe4a79f000 	C:\Program Files\Java\jdk-21\bin\java.dll
0x00007ffe99010000 - 0x00007ffe9977e000 	C:\WINDOWS\System32\SHELL32.dll
0x00007ffe96bd0000 - 0x00007ffe9743c000 	C:\WINDOWS\System32\windows.storage.dll
0x00007ffe988d0000 - 0x00007ffe989c6000 	C:\WINDOWS\System32\SHCORE.dll
0x00007ffe99790000 - 0x00007ffe997f6000 	C:\WINDOWS\System32\shlwapi.dll
0x00007ffe96190000 - 0x00007ffe961b9000 	C:\WINDOWS\SYSTEM32\profapi.dll
0x00007ffe68bd0000 - 0x00007ffe68be0000 	C:\Program Files\Java\jdk-21\bin\net.dll
0x00007ffe8f870000 - 0x00007ffe8f999000 	C:\WINDOWS\SYSTEM32\WINHTTP.dll
0x00007ffe95570000 - 0x00007ffe955dc000 	C:\WINDOWS\system32\mswsock.dll
0x00007ffe49a90000 - 0x00007ffe49aa6000 	C:\Program Files\Java\jdk-21\bin\nio.dll
0x00007ffe44d40000 - 0x00007ffe44d58000 	C:\Program Files\Java\jdk-21\bin\zip.dll
0x00007ffe60970000 - 0x00007ffe6097e000 	C:\Program Files\Java\jdk-21\bin\sunmscapi.dll
0x00007ffe97440000 - 0x00007ffe975b8000 	C:\WINDOWS\System32\CRYPT32.dll
0x00007ffe95a70000 - 0x00007ffe95aa0000 	C:\WINDOWS\SYSTEM32\ncrypt.dll
0x00007ffe95a20000 - 0x00007ffe95a5f000 	C:\WINDOWS\SYSTEM32\NTASN1.dll
0x00007ffe95850000 - 0x00007ffe9586b000 	C:\WINDOWS\SYSTEM32\CRYPTSP.dll
0x00007ffe94f60000 - 0x00007ffe94f99000 	C:\WINDOWS\system32\rsaenh.dll
0x00007ffe95620000 - 0x00007ffe95653000 	C:\WINDOWS\SYSTEM32\USERENV.dll
0x00007ffe96160000 - 0x00007ffe9618a000 	C:\WINDOWS\SYSTEM32\bcrypt.dll
0x00007ffe95870000 - 0x00007ffe9587c000 	C:\WINDOWS\SYSTEM32\CRYPTBASE.dll
0x00007ffe94a10000 - 0x00007ffe94a42000 	C:\WINDOWS\SYSTEM32\IPHLPAPI.DLL
0x00007ffe97720000 - 0x00007ffe9772a000 	C:\WINDOWS\System32\NSI.dll
0x00007ffe5e3b0000 - 0x00007ffe5e3ba000 	C:\Program Files\Java\jdk-21\bin\management.dll
0x00007ffe5c5b0000 - 0x00007ffe5c5bb000 	C:\Program Files\Java\jdk-21\bin\management_ext.dll
0x00007ffe986d0000 - 0x00007ffe986d8000 	C:\WINDOWS\System32\PSAPI.DLL
0x00007ffe61e70000 - 0x00007ffe61e80000 	C:\Program Files\Java\jdk-21\bin\verify.dll
0x00007ffe94aa0000 - 0x00007ffe94bd2000 	C:\WINDOWS\SYSTEM32\DNSAPI.dll
0x00007ffe88c10000 - 0x00007ffe88c1b000 	C:\Windows\System32\rasadhlp.dll
0x00007ffe88dd0000 - 0x00007ffe88e56000 	C:\WINDOWS\System32\fwpuclnt.dll
0x00007ffe65ab0000 - 0x00007ffe65ab9000 	C:\Program Files\Java\jdk-21\bin\extnet.dll

dbghelp: loaded successfully - version: 4.0.5 - missing functions: none
symbol engine: initialized successfully - sym options: 0x614 - pdb path: .;C:\Program Files\Java\jdk-21\bin;C:\WINDOWS\SYSTEM32;C:\WINDOWS\WinSxS\amd64_microsoft.windows.common-controls_6595b64144ccf1df_6.0.26100.8457_none_3e0b2faee331e92d;C:\Program Files\Java\jdk-21\bin\server

VM Arguments:
jvm_args: -XX:TieredStopAtLevel=1 
java_command: com.cm.restaurant_server.RestaurantServerApplication
java_class_path (initial): C:\Users\spaul\OneDrive\Documentos\Otros\9no semestre (5to)\Programación Movil\restaurant-mobile-app\restaurant-server\target\classes;C:\Users\spaul\.m2\repository\com\auth0\java-jwt\4.4.0\java-jwt-4.4.0.jar;C:\Users\spaul\.m2\repository\com\fasterxml\jackson\core\jackson-databind\2.15.4\jackson-databind-2.15.4.jar;C:\Users\spaul\.m2\repository\com\fasterxml\jackson\core\jackson-annotations\2.15.4\jackson-annotations-2.15.4.jar;C:\Users\spaul\.m2\repository\com\fasterxml\jackson\core\jackson-core\2.15.4\jackson-core-2.15.4.jar;C:\Users\spaul\.m2\repository\org\aspectj\aspectjweaver\1.9.22\aspectjweaver-1.9.22.jar;C:\Users\spaul\.m2\repository\com\zaxxer\HikariCP\5.0.1\HikariCP-5.0.1.jar;C:\Users\spaul\.m2\repository\org\springframework\spring-jdbc\6.1.6\spring-jdbc-6.1.6.jar;C:\Users\spaul\.m2\repository\org\hibernate\orm\hibernate-core\6.4.4.Final\hibernate-core-6.4.4.Final.jar;C:\Users\spaul\.m2\repository\jakarta\persistence\jakarta.persistence-api\3.1.0\jakarta.persistence-api-3.1.0.jar;C:\Users\spaul\.m2\repository\jakarta\transaction\jakarta.transaction-api\2.0.1\jakarta.transaction-api-2.0.1.jar;C:\Users\spaul\.m2\repository\org\jboss\logging\jboss-logging\3.5.3.Final\jboss-logging-3.5.3.Final.jar;C:\Users\spaul\.m2\repository\org\hibernate\common\hibernate-commons-annotations\6.0.6.Final\hibernate-commons-annotations-6.0.6.Final.jar;C:\Users\spaul\.m2\repository\io\smallrye\jandex\3.1.2\jandex-3.1.2.jar;C:\Users\spaul\.m2\repository\com\fasterxml\classmate\1.6.0\classmate-1.6.0.jar;C:\Users\spaul\.m2\repository\net\bytebuddy\byte-buddy\1.14.13\byte-buddy-1.14.13.jar;C:\Users\spaul\.m2\repository\org\glassfish\jaxb\jaxb-runtime\4.0.5\jaxb-runtime-4.0.5.jar;C:\Users\spaul\.m2\repository\org\glassfish\jaxb\jaxb-core\4.0.5\jaxb-core-4.0.5.jar;C:\Users\spaul\.m2\repository\org\eclipse\angus\angus-activation\2.0.2\angus-activation-2.0.2.jar;C:\Users\spaul\.m2\repository\org\glassfish\jaxb\txw2\4.0.5\txw2-4.0.5.jar;C:\Users\spaul\.m2\repository\com\sun\istack\istack-commons-runtime\4.1.2\istack-commons-runtime-4.1.2.jar;C:\Users\spaul\.m2\repository\jakarta\inject\jakarta.inject-api\2.0.1\jakarta.inject-api-2.0.1.jar;C:\Users\spaul\.m2\repository\org\antlr\antlr4-runtime\4.13.0\antlr4-runtime-4.13.0.jar;C:\Users\spaul\.m2\repository\org\springframework\data\spring-data-jpa\3.2.5\spring-data-jpa-3.2.5.jar;C:\Users\spaul\.m2\repository\org\springframework\data\spring-data-commons\3.2.5\spring-data-commons-3.2.5.jar;C:\Users\spaul\.m2\repository\org\springframework\spring-orm\6.1.6\spring-orm-6.1.6.jar;C:\Users\spaul\.m2\repository\org\springframework\spring-context\6.1.6\spring-context-6.1.6.jar;C:\Users\spaul\.m2\repository\org\springframework\spring-tx\6.1.6\spring-tx-6.1.6.jar;C:\Users\spaul\.m2\repository\org\springframework\spring-beans\6.1.6\spring-beans-6.1.6.jar;C:\Users\spaul\.m2\repository\jakarta\annotation\jakarta.annotation-api\2.1.1\jakarta.annotation-api-2.1.1.jar;C:\Users\spaul\.m2\repository\org\slf4j\slf4j-api\2.0.13\slf4j-api-2.0.13.jar;C:\Users\spaul\.m2\repository\org\springframework\spring-aspects\6.1.6\spring-aspects-6.1.6.jar;C:\Users\spaul\.m2\repository\org\springframework\boot\spring-boot\3.2.5\spring-boot-3.2.5.jar;C:\Users\spaul\.m2\repository\org\springframework\boot\spring-boot-autoconfigure\3.2.5\spring-boot-autoconfigure-3.2.5.jar;C:\Users\spaul\.m2\repository\ch\qos\logback\logback-classic\1.4.14\logback-classic-1.4.14.jar;C:\Users\spaul\.m2\repository\ch\qos\logback\logback-core\1.4.14\logback-core-1.4.14.jar;C:\Users\spaul\.m2\repository\org\apache\logging\log4j\log4j-to-slf4j\2.21.1\log4j-to-slf4j-2.21.1.jar;C:\Users\spaul\.m2\repository\org\apache\logging\log4j\log4j-api\2.21.1\log4j-api-2.21.1.jar;C:\Users\spaul\.m2\repository\org\slf4j\jul-to-slf4j\2.0.13\jul-to-slf4j-2.0.13.jar;C:\Users\spaul\.m2\repository\org\yaml\snakeyaml\2.2\snakeyaml-2.2.jar;C:\Users\spaul\.m2\repository\org\springframework\spring-aop\6.1.6\spring-aop-6.1.6.jar;C:\Users\spaul\.m2\repository\org\springframework\security\spring-security-config\6.2.4\spring-security-config-6.2.4.jar;C:\Users\spaul\.m2\repository\org\springframework\security\spring-security-web\6.2.4\spring-security-web-6.2.4.jar;C:\Users\spaul\.m2\repository\org\springframework\spring-expression\6.1.6\spring-expression-6.1.6.jar;C:\Users\spaul\.m2\repository\jakarta\xml\bind\jakarta.xml.bind-api\4.0.2\jakarta.xml.bind-api-4.0.2.jar;C:\Users\spaul\.m2\repository\jakarta\activation\jakarta.activation-api\2.1.3\jakarta.activation-api-2.1.3.jar;C:\Users\spaul\.m2\repository\org\springframework\spring-core\6.1.6\spring-core-6.1.6.jar;C:\Users\spaul\.m2\repository\org\springframework\spring-jcl\6.1.6\spring-jcl-6.1.6.jar;C:\Users\spaul\.m2\repository\org\springframework\security\spring-security-core\6.2.4\spring-security-core-6.2.4.jar;C:\Users\spaul\.m2\repository\org\springframework\security\spring-security-crypto\6.2.4\spring-security-crypto-6.2.4.jar;C:\Users\spaul\.m2\repository\io\micrometer\micrometer-observation\1.12.5\micrometer-observation-1.12.5.jar;C:\Users\spaul\.m2\repository\io\micrometer\micrometer-commons\1.12.5\micrometer-commons-1.12.5.jar;C:\Users\spaul\.m2\repository\org\postgresql\postgresql\42.6.2\postgresql-42.6.2.jar;C:\Users\spaul\.m2\repository\org\checkerframework\checker-qual\3.31.0\checker-qual-3.31.0.jar;C:\Users\spaul\.m2\repository\com\fasterxml\jackson\datatype\jackson-datatype-jdk8\2.15.4\jackson-datatype-jdk8-2.15.4.jar;C:\Users\spaul\.m2\repository\com\fasterxml\jackson\datatype\jackson-datatype-jsr310\2.15.4\jackson-datatype-jsr310-2.15.4.jar;C:\Users\spaul\.m2\repository\com\fasterxml\jackson\module\jackson-module-parameter-names\2.15.4\jackson-module-parameter-names-2.15.4.jar;C:\Users\spaul\.m2\repository\org\apache\tomcat\embed\tomcat-embed-core\10.1.20\tomcat-embed-core-10.1.20.jar;C:\Users\spaul\.m2\repository\org\apache\tomcat\embed\tomcat-embed-websocket\10.1.20\tomcat-embed-websocket-10.1.20.jar;C:\Users\spaul\.m2\repository\org\springframework\spring-web\6.1.6\spring-web-6.1.6.jar;C:\Users\spaul\.m2\repository\org\springframework\spring-webmvc\6.1.6\spring-webmvc-6.1.6.jar;C:\Users\spaul\.m2\repository\org\springdoc\springdoc-openapi-starter-webmvc-ui\2.5.0\springdoc-openapi-starter-webmvc-ui-2.5.0.jar;C:\Users\spaul\.m2\repository\org\springdoc\springdoc-openapi-starter-webmvc-api\2.5.0\springdoc-openapi-starter-webmvc-api-2.5.0.jar;C:\Users\spaul\.m2\repository\org\springdoc\springdoc-openapi-starter-common\2.5.0\springdoc-openapi-starter-common-2.5.0.jar;C:\Users\spaul\.m2\repository\io\swagger\core\v3\swagger-core-jakarta\2.2.21\swagger-core-jakarta-2.2.21.jar;C:\Users\spaul\.m2\repository\org\apache\commons\commons-lang3\3.13.0\commons-lang3-3.13.0.jar;C:\Users\spaul\.m2\repository\io\swagger\core\v3\swagger-annotations-jakarta\2.2.21\swagger-annotations-jakarta-2.2.21.jar;C:\Users\spaul\.m2\repository\io\swagger\core\v3\swagger-models-jakarta\2.2.21\swagger-models-jakarta-2.2.21.jar;C:\Users\spaul\.m2\repository\com\fasterxml\jackson\dataformat\jackson-dataformat-yaml\2.15.4\jackson-dataformat-yaml-2.15.4.jar;C:\Users\spaul\.m2\repository\org\webjars\swagger-ui\5.13.0\swagger-ui-5.13.0.jar;C:\Users\spaul\.m2\repository\org\apache\tomcat\embed\tomcat-embed-el\10.1.20\tomcat-embed-el-10.1.20.jar;C:\Users\spaul\.m2\repository\org\hibernate\validator\hibernate-validator\8.0.1.Final\hibernate-validator-8.0.1.Final.jar;C:\Users\spaul\.m2\repository\jakarta\validation\jakarta.validation-api\3.0.2\jakarta.validation-api-3.0.2.jar;C:\Users\spaul\.m2\repository\org\mapstruct\mapstruct\1.5.3.Final\mapstruct-1.5.3.Final.jar
Launcher Type: SUN_STANDARD

[Global flags]
     intx CICompilerCount                          = 4                                         {product} {ergonomic}
     uint ConcGCThreads                            = 2                                         {product} {ergonomic}
     uint G1ConcRefinementThreads                  = 8                                         {product} {ergonomic}
   size_t G1HeapRegionSize                         = 1048576                                   {product} {ergonomic}
    uintx GCDrainStackTargetSize                   = 64                                        {product} {ergonomic}
   size_t InitialHeapSize                          = 132120576                                 {product} {ergonomic}
   size_t MarkStackSize                            = 4194304                                   {product} {ergonomic}
   size_t MaxHeapSize                              = 2097152000                                {product} {ergonomic}
   size_t MaxNewSize                               = 1258291200                                {product} {ergonomic}
   size_t MinHeapDeltaBytes                        = 1048576                                   {product} {ergonomic}
   size_t MinHeapSize                              = 8388608                                   {product} {ergonomic}
    uintx NonNMethodCodeHeapSize                   = 4096                                   {pd product} {ergonomic}
    uintx NonProfiledCodeHeapSize                  = 0                                      {pd product} {ergonomic}
     bool ProfileInterpreter                       = false                                  {pd product} {command line}
    uintx ProfiledCodeHeapSize                     = 0                                      {pd product} {ergonomic}
   size_t SoftMaxHeapSize                          = 2097152000                             {manageable} {ergonomic}
     intx TieredStopAtLevel                        = 1                                         {product} {command line}
     bool UseCompressedOops                        = true                           {product lp64_product} {ergonomic}
     bool UseG1GC                                  = true                                      {product} {ergonomic}
     bool UseLargePagesIndividualAllocation        = false                                  {pd product} {ergonomic}

Logging:
Log output configuration:
 #0: stdout all=warning uptime,level,tags foldmultilines=false
 #1: stderr all=off uptime,level,tags foldmultilines=false

Environment Variables:
JAVA_HOME=C:\Program Files\Java\jdk-21
PATH=C:\maven\apache-maven-3.9.12\bin;C:\Program Files\Microsoft MPI\Bin\;C:\apache-maven-3.9.11\bin;C:\Program Files\Java\jdk-17;C:\Program Files\Java\jdk-21\bin;C:\Program Files\glassfish-4.1\glassfish\bin;C:\Program Files\Java\jdk-11\bin;C:\Program Files\Common Files\Oracle\Java\javapath;C:\WINDOWS\system32;C:\WINDOWS;C:\WINDOWS\System32\Wbem;C:\WINDOWS\System32\WindowsPowerShell\v1.0\;C:\WINDOWS\System32\OpenSSH\;C:\Program Files\Git\cmd;C:\Program Files\PostgreSQL\16\bin;C:\Program Files (x86)\MySQL\MySQL Server 5.0\bin;C:\Program Files\Docker\Docker\resources\bin;C:\Program Files\Git LFS;C:\Program Files\PuTTY\;C:\Program Files\Java\jdk-21\bin;C:\Program Files\PowerShell\7\;C:\Program Files\nodejs\;C:\Users\spaul\AppData\Local\Programs\Python\Python310\Scripts\;C:\Users\spaul\AppData\Local\Programs\Python\Python310\;C:\Program Files\Microsoft MPI\Bin;C:\Program Files (x86)\Microsoft SDKs\MPI;C:\Program Files\Oracle\VirtualBox;C:\Program Files\MySQL\MySQL Shell 8.0\bin\;C:\Program Files\Java\jdk-11\bin;C:\Users\spaul\AppData\Local\Microsoft\WindowsApps;C:\Users\spaul\AppData\Local\Programs\Microsoft VS Code\bin;C:\ghcup\bin;C:\msys64\ucrt64\bin;C:\Users\spaul\AppData\Local\JetBrains\Toolbox\scripts;C:\Users\spaul\AppData\Roaming\npm
USERNAME=spaul
OS=Windows_NT
PROCESSOR_IDENTIFIER=Intel64 Family 6 Model 142 Stepping 12, GenuineIntel
TMP=C:\Users\spaul\AppData\Local\Temp
TEMP=C:\Users\spaul\AppData\Local\Temp




Periodic native trim disabled

---------------  S Y S T E M  ---------------

OS:
 Windows 11 , 64 bit Build 26100 (10.0.26100.8328)
OS uptime: 0 days 19:24 hours

CPU: total 8 (initial active 8) (4 cores per cpu, 2 threads per core) family 6 model 142 stepping 12 microcode 0xea, cx8, cmov, fxsr, ht, mmx, 3dnowpref, sse, sse2, sse3, ssse3, sse4.1, sse4.2, popcnt, lzcnt, tsc, tscinvbit, avx, avx2, aes, erms, clmul, bmi1, bmi2, adx, fma, vzeroupper, clflush, clflushopt, rdtscp, f16c
Processor Information for all 8 processors :
  Max Mhz: 2304, Current Mhz: 1803, Mhz Limit: 1797

Memory: 4k page, system-wide physical 7995M (207M free)
TotalPageFile size 31283M (AvailPageFile size 96M)
current process WorkingSet (physical memory assigned to process): 196M, peak: 198M
current process commit charge ("private bytes"): 263M, peak: 264M

vm_info: Java HotSpot(TM) 64-Bit Server VM (21.0.3+7-LTS-152) for windows-amd64 JRE (21.0.3+7-LTS-152), built on 2024-03-11T17:42:26Z by "mach5one" with MS VC++ 17.6 (VS2022)

END.
